// Vitest Snapshot v1

exports[`atlas-icon-settings > is component append correctly to the dom 1`] = `
"<svg width=\\"22\\" height=\\"22\\" viewBox=\\"0 0 22 22\\" fill=\\"none\\" xmlns=\\"http://www.w3.org/2000/svg\\">
<path fill=\\"currentColor\\" d=\\"M1.21276 13.06C0.925173 11.7017 0.925173 10.2983 1.21276 8.94001C2.32276 9.07001 3.29276 8.70301 3.60876 7.93901C3.92576 7.17401 3.50076 6.22901 2.62276 5.53601C3.3798 4.37233 4.37209 3.38005 5.53576 2.62301C6.22776 3.50001 7.17376 3.92601 7.93876 3.60901C8.70376 3.29201 9.07076 2.32301 8.93976 1.21301C10.298 0.925417 11.7015 0.925417 13.0598 1.21301C12.9298 2.32301 13.2968 3.29301 14.0608 3.60901C14.8258 3.92601 15.7708 3.50101 16.4638 2.62301C17.6274 3.38005 18.6197 4.37233 19.3768 5.53601C18.4998 6.22801 18.0738 7.17401 18.3908 7.93901C18.7078 8.70401 19.6768 9.07101 20.7868 8.94001C21.0744 10.2983 21.0744 11.7017 20.7868 13.06C19.6768 12.93 18.7068 13.297 18.3908 14.061C18.0738 14.826 18.4988 15.771 19.3768 16.464C18.6197 17.6277 17.6274 18.62 16.4638 19.377C15.7718 18.5 14.8258 18.074 14.0608 18.391C13.2958 18.708 12.9288 19.677 13.0598 20.787C11.7015 21.0746 10.298 21.0746 8.93976 20.787C9.06976 19.677 8.70276 18.707 7.93876 18.391C7.17376 18.074 6.22876 18.499 5.53576 19.377C4.37209 18.62 3.3798 17.6277 2.62276 16.464C3.49976 15.772 3.92576 14.826 3.60876 14.061C3.29176 13.296 2.32276 12.929 1.21276 13.06ZM2.99976 11.21C4.09976 11.515 5.00676 12.212 5.45676 13.296C5.90576 14.381 5.75676 15.516 5.19476 16.508C5.29076 16.61 5.38976 16.709 5.49176 16.805C6.48476 16.243 7.61876 16.095 8.70376 16.543C9.78776 16.993 10.4848 17.9 10.7898 19C10.9298 19.004 11.0698 19.004 11.2098 19C11.5148 17.9 12.2118 16.993 13.2958 16.543C14.3808 16.094 15.5158 16.243 16.5078 16.805C16.6098 16.709 16.7088 16.61 16.8048 16.508C16.2428 15.515 16.0948 14.381 16.5428 13.296C16.9928 12.212 17.8998 11.515 18.9998 11.21C19.0038 11.07 19.0038 10.93 18.9998 10.79C17.8998 10.485 16.9928 9.78801 16.5428 8.70401C16.0938 7.61901 16.2428 6.48401 16.8048 5.49201C16.7084 5.3904 16.6094 5.29137 16.5078 5.19501C15.5148 5.75701 14.3808 5.90501 13.2958 5.45701C12.2118 5.00701 11.5148 4.10001 11.2098 3.00001C11.0698 2.9963 10.9297 2.9963 10.7898 3.00001C10.4848 4.10001 9.78776 5.00701 8.70376 5.45701C7.61876 5.90601 6.48376 5.75701 5.49176 5.19501C5.38976 5.29101 5.29076 5.39001 5.19476 5.49201C5.75676 6.48501 5.90476 7.61901 5.45676 8.70401C5.00676 9.78801 4.09976 10.485 2.99976 10.79C2.99576 10.93 2.99576 11.07 2.99976 11.21ZM10.9998 14C10.2041 14 9.44105 13.6839 8.87844 13.1213C8.31583 12.5587 7.99976 11.7957 7.99976 11C7.99976 10.2044 8.31583 9.44129 8.87844 8.87869C9.44105 8.31608 10.2041 8.00001 10.9998 8.00001C11.7954 8.00001 12.5585 8.31608 13.1211 8.87869C13.6837 9.44129 13.9998 10.2044 13.9998 11C13.9998 11.7957 13.6837 12.5587 13.1211 13.1213C12.5585 13.6839 11.7954 14 10.9998 14ZM10.9998 12C11.265 12 11.5193 11.8946 11.7069 11.7071C11.8944 11.5196 11.9998 11.2652 11.9998 11C11.9998 10.7348 11.8944 10.4804 11.7069 10.2929C11.5193 10.1054 11.265 10 10.9998 10C10.7345 10 10.4802 10.1054 10.2927 10.2929C10.1051 10.4804 9.99976 10.7348 9.99976 11C9.99976 11.2652 10.1051 11.5196 10.2927 11.7071C10.4802 11.8946 10.7345 12 10.9998 12Z\\"></path>
</svg>
"
`;

exports[`atlas-icon-settings > is component named correct in the dom 1`] = `"atlas-icon-settings"`;
