// Jest Snapshot v1, https://goo.gl/fbAQLP

exports[`Accordion Component has the correct content when created 1`] = `
<slot part="header"
      name="header"
>
</slot>
<slot part="body">
</slot>
`;
