// Jest Snapshot v1, https://goo.gl/fbAQLP

exports[`Chip has the correct content when created 1`] = `
<slot name="prefix"
      part="prefix"
>
</slot>
<slot part="body">
</slot>
<slot name="dismisser"
      part="dismisser"
>
</slot>
<slot name="suffix"
      part="suffix"
>
</slot>
`;
