// Jest Snapshot v1, https://goo.gl/fbAQLP

exports[`InputCheckbox component match snapshot 1`] = `
<input id="Input"
       type="checkbox"
       part="input"
>
<label for="Input"
       part="label-wrapper"
>
  <slot name="label"
        part="label"
  >
  </slot>
  <slot name="required"
        part="required"
  >
    *
  </slot>
</label>
<slot name="helperText"
      part="helper-text"
>
</slot>
<slot name="validationText"
      part="validation-text"
>
</slot>
`;
