// Jest Snapshot v1, https://goo.gl/fbAQLP

exports[`Tile Board supports child elements: <div>I</div><div>II</div><div>III</div><div>IV</div> 1`] = `
<div>
  I
</div>
<div>
  II
</div>
<div>
  III
</div>
<div>
  IV
</div>
`;
